// Jest Snapshot v1, https://goo.gl/fbAQLP

exports[`renders the component 1`] = `
<Fragment>
  <Slider />
  <Connect(Component) />
  <Connect(Component) />
  <SectionHeading
    title="Popular Jobs"
  />
  <Connect(Component)
    limit={3}
  />
</Fragment>
`;
