// Jest Snapshot v1, https://goo.gl/fbAQLP

exports[`renders the component 1`] = `
<Jumbotron
  align="center"
  fluid={false}
>
  <h1>
     
    abc
     
  </h1>
  <h3>
     
     
  </h3>
</Jumbotron>
`;
