// Jest Snapshot v1, https://goo.gl/fbAQLP

exports[`renders the component 1`] = `
<Fragment>
  <FormGroup>
    <FormControl
      name="username"
      onChange={[MockFunction]}
      placeholder="Username"
      type="text"
      value="username"
    />
  </FormGroup>
  error
</Fragment>
`;
